
> frontend@0.0.0 test:headless
> ng test --no-watch --code-coverage --browsers=ChromeHeadlessCI

- Generating browser application bundles (phase: setup)...
[32m✔[39m Browser application bundle generation complete.
[32m15 12 2025 21:05:19.518:INFO [karma-server]: [39mKarma v6.4.4 server started at http://localhost:9876/
[32m15 12 2025 21:05:19.520:INFO [launcher]: [39mLaunching browsers ChromeHeadlessCI with concurrency unlimited
[32m15 12 2025 21:05:19.532:INFO [launcher]: [39mStarting browser ChromeHeadless
[32m15 12 2025 21:05:21.229:INFO [Chrome Headless 143.0.0.0 (Windows 10)]: [39mConnected on socket -BSFscp3GW4XmyMOAAAB with id 77486633
Chrome Headless 143.0.0.0 (Windows 10): Executed 0 of 361[32m SUCCESS[39m (0 secs / 0 secs)
[1A[2KChrome Headless 143.0.0.0 (Windows 10): Executed 1 of 361[32m SUCCESS[39m (0 secs / 0.094 secs)
[1A[2KChrome Headless 143.0.0.0 (Windows 10): Executed 2 of 361[32m SUCCESS[39m (0 secs / 0.101 secs)
[1A[2KChrome Headless 143.0.0.0 (Windows 10): Executed 3 of 361[32m SUCCESS[39m (0 secs / 0.107 secs)
[1A[2KChrome Headless 143.0.0.0 (Windows 10): Executed 4 of 361[32m SUCCESS[39m (0 secs / 0.113 secs)
[1A[2KChrome Headless 143.0.0.0 (Windows 10): Executed 5 of 361[32m SUCCESS[39m (0 secs / 0.118 secs)
[1A[2KChrome Headless 143.0.0.0 (Windows 10): Executed 6 of 361[32m SUCCESS[39m (0 secs / 0.122 secs)
[1A[2KChrome Headless 143.0.0.0 (Windows 10): Executed 7 of 361[32m SUCCESS[39m (0 secs / 0.127 secs)
[1A[2KChrome Headless 143.0.0.0 (Windows 10): Executed 8 of 361[32m SUCCESS[39m (0 secs / 0.131 secs)
[1A[2KChrome Headless 143.0.0.0 (Windows 10): Executed 9 of 361[32m SUCCESS[39m (0 secs / 0.137 secs)
[1A[2KChrome Headless 143.0.0.0 (Windows 10): Executed 10 of 361[32m SUCCESS[39m (0 secs / 0.142 secs)
[1A[2KChrome Headless 143.0.0.0 (Windows 10): Executed 11 of 361[32m SUCCESS[39m (0 secs / 0.146 secs)
[1A[2KChrome Headless 143.0.0.0 (Windows 10): Executed 12 of 361[32m SUCCESS[39m (0 secs / 0.151 secs)
[1A[2KChrome Headless 143.0.0.0 (Windows 10): Executed 13 of 361[32m SUCCESS[39m (0 secs / 0.155 secs)
[1A[2KChrome Headless 143.0.0.0 (Windows 10): Executed 14 of 361[32m SUCCESS[39m (0 secs / 0.159 secs)
[1A[2KChrome Headless 143.0.0.0 (Windows 10): Executed 15 of 361[32m SUCCESS[39m (0 secs / 0.162 secs)
[1A[2KChrome Headless 143.0.0.0 (Windows 10): Executed 16 of 361[32m SUCCESS[39m (0 secs / 0.166 secs)
[1A[2KChrome Headless 143.0.0.0 (Windows 10): Executed 17 of 361[32m SUCCESS[39m (0 secs / 0.171 secs)
[1A[2KChrome Headless 143.0.0.0 (Windows 10): Executed 18 of 361[32m SUCCESS[39m (0 secs / 0.176 secs)
[1A[2KChrome Headless 143.0.0.0 (Windows 10): Executed 19 of 361[32m SUCCESS[39m (0 secs / 0.181 secs)
[1A[2KChrome Headless 143.0.0.0 (Windows 10): Executed 20 of 361[32m SUCCESS[39m (0 secs / 0.185 secs)
[1A[2KChrome Headless 143.0.0.0 (Windows 10): Executed 21 of 361[32m SUCCESS[39m (0 secs / 0.19 secs)
[1A[2KChrome Headless 143.0.0.0 (Windows 10): Executed 22 of 361[32m SUCCESS[39m (0 secs / 0.195 secs)
[1A[2KChrome Headless 143.0.0.0 (Windows 10): Executed 23 of 361[32m SUCCESS[39m (0 secs / 0.199 secs)
[1A[2KChrome Headless 143.0.0.0 (Windows 10): Executed 24 of 361[32m SUCCESS[39m (0 secs / 0.206 secs)
[1A[2KChrome Headless 143.0.0.0 (Windows 10): Executed 25 of 361[32m SUCCESS[39m (0 secs / 0.21 secs)
[1A[2KChrome Headless 143.0.0.0 (Windows 10): Executed 26 of 361[32m SUCCESS[39m (0 secs / 0.214 secs)
[1A[2KChrome Headless 143.0.0.0 (Windows 10): Executed 27 of 361[32m SUCCESS[39m (0 secs / 0.218 secs)
[1A[2KChrome Headless 143.0.0.0 (Windows 10): Executed 28 of 361[32m SUCCESS[39m (0 secs / 0.221 secs)
[1A[2KChrome Headless 143.0.0.0 (Windows 10): Executed 29 of 361[32m SUCCESS[39m (0 secs / 0.224 secs)
[1A[2KChrome Headless 143.0.0.0 (Windows 10): Executed 30 of 361[32m SUCCESS[39m (0 secs / 0.229 secs)
[1A[2KChrome Headless 143.0.0.0 (Windows 10): Executed 31 of 361[32m SUCCESS[39m (0 secs / 0.298 secs)
[1A[2KChrome Headless 143.0.0.0 (Windows 10): Executed 32 of 361[32m SUCCESS[39m (0 secs / 0.317 secs)
[1A[2KChrome Headless 143.0.0.0 (Windows 10): Executed 33 of 361[32m SUCCESS[39m (0 secs / 0.334 secs)
[1A[2KChrome Headless 143.0.0.0 (Windows 10): Executed 34 of 361[32m SUCCESS[39m (0 secs / 0.338 secs)
[1A[2KChrome Headless 143.0.0.0 (Windows 10): Executed 35 of 361[32m SUCCESS[39m (0 secs / 0.345 secs)
[1A[2KChrome Headless 143.0.0.0 (Windows 10): Executed 36 of 361[32m SUCCESS[39m (0 secs / 0.349 secs)
[1A[2KChrome Headless 143.0.0.0 (Windows 10): Executed 37 of 361[32m SUCCESS[39m (0 secs / 0.354 secs)
[1A[2KChrome Headless 143.0.0.0 (Windows 10): Executed 38 of 361[32m SUCCESS[39m (0 secs / 0.372 secs)
[1A[2KChrome Headless 143.0.0.0 (Windows 10): Executed 39 of 361[32m SUCCESS[39m (0 secs / 0.389 secs)
[1A[2KChrome Headless 143.0.0.0 (Windows 10): Executed 40 of 361[32m SUCCESS[39m (0 secs / 0.406 secs)
[1A[2KChrome Headless 143.0.0.0 (Windows 10): Executed 41 of 361[32m SUCCESS[39m (0 secs / 0.422 secs)
[1A[2KChrome Headless 143.0.0.0 (Windows 10): Executed 42 of 361[32m SUCCESS[39m (0 secs / 0.439 secs)
[1A[2KChrome Headless 143.0.0.0 (Windows 10): Executed 43 of 361[32m SUCCESS[39m (0 secs / 0.456 secs)
[1A[2KChrome Headless 143.0.0.0 (Windows 10): Executed 44 of 361[32m SUCCESS[39m (0 secs / 0.461 secs)
[1A[2KChrome Headless 143.0.0.0 (Windows 10): Executed 45 of 361[32m SUCCESS[39m (0 secs / 0.476 secs)
[1A[2KChrome Headless 143.0.0.0 (Windows 10): Executed 46 of 361[32m SUCCESS[39m (0 secs / 0.481 secs)
[1A[2KChrome Headless 143.0.0.0 (Windows 10): Executed 47 of 361[32m SUCCESS[39m (0 secs / 0.485 secs)
[1A[2KChrome Headless 143.0.0.0 (Windows 10): Executed 48 of 361[32m SUCCESS[39m (0 secs / 0.489 secs)
[1A[2KChrome Headless 143.0.0.0 (Windows 10): Executed 49 of 361[32m SUCCESS[39m (0 secs / 0.492 secs)
[1A[2KChrome Headless 143.0.0.0 (Windows 10): Executed 50 of 361[32m SUCCESS[39m (0 secs / 0.495 secs)
[1A[2KChrome Headless 143.0.0.0 (Windows 10): Executed 51 of 361[32m SUCCESS[39m (0 secs / 0.498 secs)
[1A[2KChrome Headless 143.0.0.0 (Windows 10): Executed 52 of 361[32m SUCCESS[39m (0 secs / 0.503 secs)
[1A[2KChrome Headless 143.0.0.0 (Windows 10): Executed 53 of 361[32m SUCCESS[39m (0 secs / 0.506 secs)
[1A[2KChrome Headless 143.0.0.0 (Windows 10): Executed 54 of 361[32m SUCCESS[39m (0 secs / 0.513 secs)
[1A[2KChrome Headless 143.0.0.0 (Windows 10): Executed 55 of 361[32m SUCCESS[39m (0 secs / 0.518 secs)
[1A[2KChrome Headless 143.0.0.0 (Windows 10): Executed 56 of 361[32m SUCCESS[39m (0 secs / 0.523 secs)
[1A[2KChrome Headless 143.0.0.0 (Windows 10): Executed 57 of 361[32m SUCCESS[39m (0 secs / 0.531 secs)
[1A[2KChrome Headless 143.0.0.0 (Windows 10): Executed 58 of 361[32m SUCCESS[39m (0 secs / 0.536 secs)
[1A[2KChrome Headless 143.0.0.0 (Windows 10): Executed 59 of 361[32m SUCCESS[39m (0 secs / 0.538 secs)
[1A[2KChrome Headless 143.0.0.0 (Windows 10): Executed 60 of 361[32m SUCCESS[39m (0 secs / 0.54 secs)
[1A[2KChrome Headless 143.0.0.0 (Windows 10): Executed 61 of 361[32m SUCCESS[39m (0 secs / 0.542 secs)
[1A[2KChrome Headless 143.0.0.0 (Windows 10): Executed 62 of 361[32m SUCCESS[39m (0 secs / 0.544 secs)
[1A[2KChrome Headless 143.0.0.0 (Windows 10): Executed 63 of 361[32m SUCCESS[39m (0 secs / 0.545 secs)
[1A[2KChrome Headless 143.0.0.0 (Windows 10): Executed 64 of 361[32m SUCCESS[39m (0 secs / 0.547 secs)
[1A[2KChrome Headless 143.0.0.0 (Windows 10): Executed 65 of 361[32m SUCCESS[39m (0 secs / 0.548 secs)
[1A[2KChrome Headless 143.0.0.0 (Windows 10): Executed 66 of 361[32m SUCCESS[39m (0 secs / 0.55 secs)
[1A[2KChrome Headless 143.0.0.0 (Windows 10): Executed 67 of 361[32m SUCCESS[39m (0 secs / 0.552 secs)
[1A[2KChrome Headless 143.0.0.0 (Windows 10): Executed 68 of 361[32m SUCCESS[39m (0 secs / 0.554 secs)
[1A[2KChrome Headless 143.0.0.0 (Windows 10): Executed 69 of 361[32m SUCCESS[39m (0 secs / 0.556 secs)
[1A[2KChrome Headless 143.0.0.0 (Windows 10): Executed 70 of 361[32m SUCCESS[39m (0 secs / 0.558 secs)
[1A[2KChrome Headless 143.0.0.0 (Windows 10): Executed 71 of 361[32m SUCCESS[39m (0 secs / 0.559 secs)
[1A[2KChrome Headless 143.0.0.0 (Windows 10): Executed 72 of 361[32m SUCCESS[39m (0 secs / 0.561 secs)
[1A[2KChrome Headless 143.0.0.0 (Windows 10): Executed 73 of 361[32m SUCCESS[39m (0 secs / 0.563 secs)
[1A[2KChrome Headless 143.0.0.0 (Windows 10): Executed 74 of 361[32m SUCCESS[39m (0 secs / 0.565 secs)
[1A[2KChrome Headless 143.0.0.0 (Windows 10): Executed 75 of 361[32m SUCCESS[39m (0 secs / 0.566 secs)
[1A[2KChrome Headless 143.0.0.0 (Windows 10): Executed 76 of 361[32m SUCCESS[39m (0 secs / 0.568 secs)
[1A[2KChrome Headless 143.0.0.0 (Windows 10): Executed 77 of 361[32m SUCCESS[39m (0 secs / 0.57 secs)
[1A[2KChrome Headless 143.0.0.0 (Windows 10): Executed 78 of 361[32m SUCCESS[39m (0 secs / 0.571 secs)
[1A[2KChrome Headless 143.0.0.0 (Windows 10): Executed 79 of 361[32m SUCCESS[39m (0 secs / 0.573 secs)
[1A[2KChrome Headless 143.0.0.0 (Windows 10): Executed 80 of 361[32m SUCCESS[39m (0 secs / 0.575 secs)
[1A[2KChrome Headless 143.0.0.0 (Windows 10): Executed 81 of 361[32m SUCCESS[39m (0 secs / 0.576 secs)
[1A[2KChrome Headless 143.0.0.0 (Windows 10): Executed 82 of 361[32m SUCCESS[39m (0 secs / 0.578 secs)
[1A[2KChrome Headless 143.0.0.0 (Windows 10): Executed 83 of 361[32m SUCCESS[39m (0 secs / 0.58 secs)
[1A[2KChrome Headless 143.0.0.0 (Windows 10): Executed 84 of 361[32m SUCCESS[39m (0 secs / 0.582 secs)
[1A[2KChrome Headless 143.0.0.0 (Windows 10): Executed 85 of 361[32m SUCCESS[39m (0 secs / 0.583 secs)
[1A[2KChrome Headless 143.0.0.0 (Windows 10): Executed 86 of 361[32m SUCCESS[39m (0 secs / 0.585 secs)
[1A[2KChrome Headless 143.0.0.0 (Windows 10): Executed 87 of 361[32m SUCCESS[39m (0 secs / 0.586 secs)
[1A[2KChrome Headless 143.0.0.0 (Windows 10): Executed 88 of 361[32m SUCCESS[39m (0 secs / 0.587 secs)
[1A[2KChrome Headless 143.0.0.0 (Windows 10): Executed 89 of 361[32m SUCCESS[39m (0 secs / 0.589 secs)
[1A[2KChrome Headless 143.0.0.0 (Windows 10): Executed 90 of 361[32m SUCCESS[39m (0 secs / 0.591 secs)
[1A[2KChrome Headless 143.0.0.0 (Windows 10): Executed 91 of 361[32m SUCCESS[39m (0 secs / 0.592 secs)
[1A[2KChrome Headless 143.0.0.0 (Windows 10): Executed 92 of 361[32m SUCCESS[39m (0 secs / 0.593 secs)
[1A[2KChrome Headless 143.0.0.0 (Windows 10): Executed 93 of 361[32m SUCCESS[39m (0 secs / 0.595 secs)
[1A[2KChrome Headless 143.0.0.0 (Windows 10): Executed 94 of 361[32m SUCCESS[39m (0 secs / 0.596 secs)
[1A[2KChrome Headless 143.0.0.0 (Windows 10): Executed 95 of 361[32m SUCCESS[39m (0 secs / 0.597 secs)
[1A[2KChrome Headless 143.0.0.0 (Windows 10): Executed 96 of 361[32m SUCCESS[39m (0 secs / 0.598 secs)
[1A[2KChrome Headless 143.0.0.0 (Windows 10): Executed 97 of 361[32m SUCCESS[39m (0 secs / 0.599 secs)
[1A[2KChrome Headless 143.0.0.0 (Windows 10): Executed 98 of 361[32m SUCCESS[39m (0 secs / 0.653 secs)
[1A[2KLOG: [36m'[Results] Iniciando carga de resultados...'[39m
Chrome Headless 143.0.0.0 (Windows 10): Executed 98 of 361[32m SUCCESS[39m (0 secs / 0.653 secs)
LOG: '[Results] Iniciando carga de resultados...'
[1A[2KLOG: [36m'[Results] Resultados recibidos:', 2[39m
Chrome Headless 143.0.0.0 (Windows 10): Executed 98 of 361[32m SUCCESS[39m (0 secs / 0.653 secs)
LOG: '[Results] Resultados recibidos:', 2
[1A[2KLOG: [36m'[Results] Iniciando carga de tipos de análisis...'[39m
Chrome Headless 143.0.0.0 (Windows 10): Executed 98 of 361[32m SUCCESS[39m (0 secs / 0.653 secs)
LOG: '[Results] Iniciando carga de tipos de análisis...'
[1A[2KLOG: [36m'[Results] Tipos de análisis recibidos:', 2[39m
Chrome Headless 143.0.0.0 (Windows 10): Executed 98 of 361[32m SUCCESS[39m (0 secs / 0.653 secs)
LOG: '[Results] Tipos de análisis recibidos:', 2
[1A[2KLOG: [36m'[Results] Iniciando carga de laboratorios...'[39m
Chrome Headless 143.0.0.0 (Windows 10): Executed 98 of 361[32m SUCCESS[39m (0 secs / 0.653 secs)
LOG: '[Results] Iniciando carga de laboratorios...'
[1A[2KLOG: [36m'[Results] Laboratorios recibidos:', 2[39m
Chrome Headless 143.0.0.0 (Windows 10): Executed 98 of 361[32m SUCCESS[39m (0 secs / 0.653 secs)
LOG: '[Results] Laboratorios recibidos:', 2
[1A[2KChrome Headless 143.0.0.0 (Windows 10): Executed 99 of 361[32m SUCCESS[39m (0 secs / 0.675 secs)
[1A[2KChrome Headless 143.0.0.0 (Windows 10): Executed 100 of 361[32m SUCCESS[39m (0 secs / 0.677 secs)
[1A[2KChrome Headless 143.0.0.0 (Windows 10): Executed 101 of 361[32m SUCCESS[39m (0 secs / 0.679 secs)
[1A[2KChrome Headless 143.0.0.0 (Windows 10): Executed 102 of 361[32m SUCCESS[39m (0 secs / 0.681 secs)
[1A[2KChrome Headless 143.0.0.0 (Windows 10): Executed 103 of 361[32m SUCCESS[39m (0 secs / 0.683 secs)
[1A[2KLOG: [36m'[Results] Iniciando carga de resultados...'[39m
Chrome Headless 143.0.0.0 (Windows 10): Executed 103 of 361[32m SUCCESS[39m (0 secs / 0.683 secs)
LOG: '[Results] Iniciando carga de resultados...'
[1A[2KLOG: [36m'[Results] Resultados recibidos:', 2[39m
Chrome Headless 143.0.0.0 (Windows 10): Executed 103 of 361[32m SUCCESS[39m (0 secs / 0.683 secs)
LOG: '[Results] Resultados recibidos:', 2
[1A[2KChrome Headless 143.0.0.0 (Windows 10): Executed 104 of 361[32m SUCCESS[39m (0 secs / 0.686 secs)
[1A[2KChrome Headless 143.0.0.0 (Windows 10): Executed 105 of 361[32m SUCCESS[39m (0 secs / 0.688 secs)
[1A[2KChrome Headless 143.0.0.0 (Windows 10): Executed 106 of 361[32m SUCCESS[39m (0 secs / 0.69 secs)
[1A[2KChrome Headless 143.0.0.0 (Windows 10): Executed 107 of 361[32m SUCCESS[39m (0 secs / 0.692 secs)
[1A[2KChrome Headless 143.0.0.0 (Windows 10): Executed 108 of 361[32m SUCCESS[39m (0 secs / 0.696 secs)
[1A[2KLOG: [36m'[Results] Iniciando carga de tipos de análisis...'[39m
Chrome Headless 143.0.0.0 (Windows 10): Executed 108 of 361[32m SUCCESS[39m (0 secs / 0.696 secs)
LOG: '[Results] Iniciando carga de tipos de análisis...'
[1A[2KERROR: [36m'[Results] Error cargando tipos de análisis:', Error: Failed
Error: Failed
    at UserContext.apply (http://localhost:9876/_karma_webpack_/webpack:/src/app/features/results/results.spec.ts:168:21)
    at _ZoneDelegate.invoke (http://localhost:9876/_karma_webpack_/webpack:/node_modules/zone.js/fesm2015/zone.js:360:158)
    at _ProxyZoneSpec.onInvoke (http://localhost:9876/_karma_webpack_/webpack:/node_modules/zone.js/fesm2015/zone-testing.js:956:33)
    at _ZoneDelegate.invoke (http://localhost:9876/_karma_webpack_/webpack:/node_modules/zone.js/fesm2015/zone.js:360:46)
    at _ZoneImpl.run (http://localhost:9876/_karma_webpack_/webpack:/node_modules/zone.js/fesm2015/zone.js:127:35)
    at runInTestZone (http://localhost:9876/_karma_webpack_/webpack:/node_modules/zone.js/fesm2015/zone-testing.js:192:30)
    at UserContext.<anonymous> (http://localhost:9876/_karma_webpack_/webpack:/node_modules/zone.js/fesm2015/zone-testing.js:199:16)
    at ZoneQueueRunner.attempt (http://localhost:9876/base/node_modules/karma-jasmine/node_modules/jasmine-core/lib/jasmine-core/jasmine.js?86d98e11f43f2c8cfac9fb4806ed6c0aced74cbe:7632:40)
    at ZoneQueueRunner.QueueRunner.run (http://localhost:9876/base/node_modules/karma-jasmine/node_modules/jasmine-core/lib/jasmine-core/jasmine.js?86d98e11f43f2c8cfac9fb4806ed6c0aced74cbe:7670:27)
    at runNext (http://localhost:9876/base/node_modules/karma-jasmine/node_modules/jasmine-core/lib/jasmine-core/jasmine.js?86d98e11f43f2c8cfac9fb4806ed6c0aced74cbe:7574:16)[39m
Chrome Headless 143.0.0.0 (Windows 10): Executed 108 of 361[32m SUCCESS[39m (0 secs / 0.696 secs)
ERROR: '[Results] Error cargando tipos de análisis:', Error: Failed
Error: Failed
    at UserContext.apply (http://localhost:9876/_karma_webpack_/webpack:/src/app/features/results/results.spec.ts:168:21)
    at _ZoneDelegate.invoke (http://localhost:9876/_karma_webpack_/webpack:/node_modules/zone.js/fesm2015/zone.js:360:158)
    at _ProxyZoneSpec.onInvoke (http://localhost:9876/_karma_webpack_/webpack:/node_modules/zone.js/fesm2015/zone-testing.js:956:33)
    at _ZoneDelegate.invoke (http://localhost:9876/_karma_webpack_/webpack:/node_modules/zone.js/fesm2015/zone.js:360:46)
    at _ZoneImpl.run (http://localhost:9876/_karma_webpack_/webpack:/node_modules/zone.js/fesm2015/zone.js:127:35)
    at runInTestZone (http://localhost:9876/_karma_webpack_/webpack:/node_modules/zone.js/fesm2015/zone-testing.js:192:30)
    at UserContext.<anonymous> (http://localhost:9876/_karma_webpack_/webpack:/node_modules/zone.js/fesm2015/zone-testing.js:199:16)
    at ZoneQueueRunner.attempt (http://localhost:9876/base/node_modules/karma-jasmine/node_modules/jasmine-core/lib/jasmine-core/jasmine.js?86d98e11f43f2c8cfac9fb4806ed6c0aced74cbe:7632:40)
    at ZoneQueueRunner.QueueRunner.run (http://localhost:9876/base/node_modules/karma-jasmine/node_modules/jasmine-core/lib/jasmine-core/jasmine.js?86d98e11f43f2c8cfac9fb4806ed6c0aced74cbe:7670:27)
    at runNext (http://localhost:9876/base/node_modules/karma-jasmine/node_modules/jasmine-core/lib/jasmine-core/jasmine.js?86d98e11f43f2c8cfac9fb4806ed6c0aced74cbe:7574:16)
[1A[2KChrome Headless 143.0.0.0 (Windows 10): Executed 109 of 361[32m SUCCESS[39m (0 secs / 0.7 secs)
[1A[2KLOG: [36m'[Results] Iniciando carga de tipos de análisis...'[39m
Chrome Headless 143.0.0.0 (Windows 10): Executed 109 of 361[32m SUCCESS[39m (0 secs / 0.7 secs)
LOG: '[Results] Iniciando carga de tipos de análisis...'
[1A[2KLOG: [36m'[Results] Tipos de análisis recibidos:', 2[39m
Chrome Headless 143.0.0.0 (Windows 10): Executed 109 of 361[32m SUCCESS[39m (0 secs / 0.7 secs)
LOG: '[Results] Tipos de análisis recibidos:', 2
[1A[2KChrome Headless 143.0.0.0 (Windows 10): Executed 110 of 361[32m SUCCESS[39m (0 secs / 0.702 secs)
[1A[2KLOG: [36m'[Results] Iniciando carga de resultados...'[39m
Chrome Headless 143.0.0.0 (Windows 10): Executed 110 of 361[32m SUCCESS[39m (0 secs / 0.702 secs)
LOG: '[Results] Iniciando carga de resultados...'
[1A[2KLOG: [36m'[Results] Resultados recibidos:', 2[39m
Chrome Headless 143.0.0.0 (Windows 10): Executed 110 of 361[32m SUCCESS[39m (0 secs / 0.702 secs)
LOG: '[Results] Resultados recibidos:', 2
[1A[2KChrome Headless 143.0.0.0 (Windows 10): Executed 111 of 361[32m SUCCESS[39m (0 secs / 0.705 secs)
[1A[2KLOG: [36m'[Results] Iniciando carga de resultados...'[39m
Chrome Headless 143.0.0.0 (Windows 10): Executed 111 of 361[32m SUCCESS[39m (0 secs / 0.705 secs)
LOG: '[Results] Iniciando carga de resultados...'
[1A[2KERROR: [36m'[Results] Error cargando resultados:', Object{error: Object{error: 'Network error'}, message: 'Failed'}[39m
Chrome Headless 143.0.0.0 (Windows 10): Executed 111 of 361[32m SUCCESS[39m (0 secs / 0.705 secs)
ERROR: '[Results] Error cargando resultados:', Object{error: Object{error: 'Network error'}, message: 'Failed'}
[1A[2KChrome Headless 143.0.0.0 (Windows 10): Executed 112 of 361[32m SUCCESS[39m (0 secs / 0.709 secs)
[1A[2KLOG: [36m'[Results] Iniciando carga de resultados...'[39m
Chrome Headless 143.0.0.0 (Windows 10): Executed 112 of 361[32m SUCCESS[39m (0 secs / 0.709 secs)
LOG: '[Results] Iniciando carga de resultados...'
[1A[2KLOG: [36m'[Results] Resultados recibidos:', 0[39m
Chrome Headless 143.0.0.0 (Windows 10): Executed 112 of 361[32m SUCCESS[39m (0 secs / 0.709 secs)
LOG: '[Results] Resultados recibidos:', 0
[1A[2KChrome Headless 143.0.0.0 (Windows 10): Executed 113 of 361[32m SUCCESS[39m (0 secs / 0.712 secs)
[1A[2KChrome Headless 143.0.0.0 (Windows 10): Executed 114 of 361[32m SUCCESS[39m (0 secs / 0.714 secs)
[1A[2KChrome Headless 143.0.0.0 (Windows 10): Executed 115 of 361[32m SUCCESS[39m (0 secs / 0.716 secs)
[1A[2KChrome Headless 143.0.0.0 (Windows 10): Executed 116 of 361[32m SUCCESS[39m (0 secs / 0.718 secs)
[1A[2KChrome Headless 143.0.0.0 (Windows 10): Executed 117 of 361[32m SUCCESS[39m (0 secs / 0.72 secs)
[1A[2KChrome Headless 143.0.0.0 (Windows 10): Executed 118 of 361[32m SUCCESS[39m (0 secs / 0.723 secs)
[1A[2KChrome Headless 143.0.0.0 (Windows 10): Executed 119 of 361[32m SUCCESS[39m (0 secs / 0.725 secs)
[1A[2KChrome Headless 143.0.0.0 (Windows 10): Executed 120 of 361[32m SUCCESS[39m (0 secs / 0.727 secs)
[1A[2KChrome Headless 143.0.0.0 (Windows 10): Executed 121 of 361[32m SUCCESS[39m (0 secs / 0.729 secs)
[1A[2KChrome Headless 143.0.0.0 (Windows 10): Executed 122 of 361[32m SUCCESS[39m (0 secs / 0.731 secs)
[1A[2KLOG: [36m'[Results] Iniciando carga de resultados...'[39m
Chrome Headless 143.0.0.0 (Windows 10): Executed 122 of 361[32m SUCCESS[39m (0 secs / 0.731 secs)
LOG: '[Results] Iniciando carga de resultados...'
[1A[2KLOG: [36m'[Results] Resultados recibidos:', 2[39m
Chrome Headless 143.0.0.0 (Windows 10): Executed 122 of 361[32m SUCCESS[39m (0 secs / 0.731 secs)
LOG: '[Results] Resultados recibidos:', 2
[1A[2KChrome Headless 143.0.0.0 (Windows 10): Executed 123 of 361[32m SUCCESS[39m (0 secs / 0.734 secs)
[1A[2KChrome Headless 143.0.0.0 (Windows 10): Executed 124 of 361[32m SUCCESS[39m (0 secs / 0.736 secs)
[1A[2KChrome Headless 143.0.0.0 (Windows 10): Executed 125 of 361[32m SUCCESS[39m (0 secs / 0.738 secs)
[1A[2KChrome Headless 143.0.0.0 (Windows 10): Executed 126 of 361[32m SUCCESS[39m (0 secs / 0.739 secs)
[1A[2KChrome Headless 143.0.0.0 (Windows 10): Executed 127 of 361[32m SUCCESS[39m (0 secs / 0.741 secs)
[1A[2KChrome Headless 143.0.0.0 (Windows 10): Executed 128 of 361[32m SUCCESS[39m (0 secs / 0.742 secs)
[1A[2KChrome Headless 143.0.0.0 (Windows 10): Executed 129 of 361[32m SUCCESS[39m (0 secs / 0.744 secs)
[1A[2KChrome Headless 143.0.0.0 (Windows 10): Executed 130 of 361[32m SUCCESS[39m (0 secs / 0.746 secs)
[1A[2KChrome Headless 143.0.0.0 (Windows 10): Executed 131 of 361[32m SUCCESS[39m (0 secs / 0.748 secs)
[1A[2KChrome Headless 143.0.0.0 (Windows 10): Executed 132 of 361[32m SUCCESS[39m (0 secs / 0.75 secs)
[1A[2KChrome Headless 143.0.0.0 (Windows 10): Executed 133 of 361[32m SUCCESS[39m (0 secs / 0.752 secs)
[1A[2KChrome Headless 143.0.0.0 (Windows 10): Executed 134 of 361[32m SUCCESS[39m (0 secs / 0.754 secs)
[1A[2KChrome Headless 143.0.0.0 (Windows 10): Executed 135 of 361[32m SUCCESS[39m (0 secs / 0.756 secs)
[1A[2KChrome Headless 143.0.0.0 (Windows 10): Executed 136 of 361[32m SUCCESS[39m (0 secs / 0.758 secs)
[1A[2KChrome Headless 143.0.0.0 (Windows 10): Executed 137 of 361[32m SUCCESS[39m (0 secs / 0.76 secs)
[1A[2KLOG: [36m'[Results] Iniciando carga de resultados...'[39m
Chrome Headless 143.0.0.0 (Windows 10): Executed 137 of 361[32m SUCCESS[39m (0 secs / 0.76 secs)
LOG: '[Results] Iniciando carga de resultados...'
[1A[2KLOG: [36m'[Results] Resultados recibidos:', 1[39m
Chrome Headless 143.0.0.0 (Windows 10): Executed 137 of 361[32m SUCCESS[39m (0 secs / 0.76 secs)
LOG: '[Results] Resultados recibidos:', 1
[1A[2KChrome Headless 143.0.0.0 (Windows 10): Executed 138 of 361[32m SUCCESS[39m (0 secs / 0.762 secs)
[1A[2KChrome Headless 143.0.0.0 (Windows 10): Executed 139 of 361[32m SUCCESS[39m (0 secs / 0.765 secs)
[1A[2KLOG: [36m'[Results] Iniciando carga de laboratorios...'[39m
Chrome Headless 143.0.0.0 (Windows 10): Executed 139 of 361[32m SUCCESS[39m (0 secs / 0.765 secs)
LOG: '[Results] Iniciando carga de laboratorios...'
[1A[2KERROR: [36m'[Results] Error cargando laboratorios:', Error: Failed
Error: Failed
    at UserContext.apply (http://localhost:9876/_karma_webpack_/webpack:/src/app/features/results/results.spec.ts:188:21)
    at _ZoneDelegate.invoke (http://localhost:9876/_karma_webpack_/webpack:/node_modules/zone.js/fesm2015/zone.js:360:158)
    at _ProxyZoneSpec.onInvoke (http://localhost:9876/_karma_webpack_/webpack:/node_modules/zone.js/fesm2015/zone-testing.js:956:33)
    at _ZoneDelegate.invoke (http://localhost:9876/_karma_webpack_/webpack:/node_modules/zone.js/fesm2015/zone.js:360:46)
    at _ZoneImpl.run (http://localhost:9876/_karma_webpack_/webpack:/node_modules/zone.js/fesm2015/zone.js:127:35)
    at runInTestZone (http://localhost:9876/_karma_webpack_/webpack:/node_modules/zone.js/fesm2015/zone-testing.js:192:30)
    at UserContext.<anonymous> (http://localhost:9876/_karma_webpack_/webpack:/node_modules/zone.js/fesm2015/zone-testing.js:199:16)
    at ZoneQueueRunner.attempt (http://localhost:9876/base/node_modules/karma-jasmine/node_modules/jasmine-core/lib/jasmine-core/jasmine.js?86d98e11f43f2c8cfac9fb4806ed6c0aced74cbe:7632:40)
    at ZoneQueueRunner.QueueRunner.run (http://localhost:9876/base/node_modules/karma-jasmine/node_modules/jasmine-core/lib/jasmine-core/jasmine.js?86d98e11f43f2c8cfac9fb4806ed6c0aced74cbe:7670:27)
    at runNext (http://localhost:9876/base/node_modules/karma-jasmine/node_modules/jasmine-core/lib/jasmine-core/jasmine.js?86d98e11f43f2c8cfac9fb4806ed6c0aced74cbe:7574:16)[39m
Chrome Headless 143.0.0.0 (Windows 10): Executed 139 of 361[32m SUCCESS[39m (0 secs / 0.765 secs)
ERROR: '[Results] Error cargando laboratorios:', Error: Failed
Error: Failed
    at UserContext.apply (http://localhost:9876/_karma_webpack_/webpack:/src/app/features/results/results.spec.ts:188:21)
    at _ZoneDelegate.invoke (http://localhost:9876/_karma_webpack_/webpack:/node_modules/zone.js/fesm2015/zone.js:360:158)
    at _ProxyZoneSpec.onInvoke (http://localhost:9876/_karma_webpack_/webpack:/node_modules/zone.js/fesm2015/zone-testing.js:956:33)
    at _ZoneDelegate.invoke (http://localhost:9876/_karma_webpack_/webpack:/node_modules/zone.js/fesm2015/zone.js:360:46)
    at _ZoneImpl.run (http://localhost:9876/_karma_webpack_/webpack:/node_modules/zone.js/fesm2015/zone.js:127:35)
    at runInTestZone (http://localhost:9876/_karma_webpack_/webpack:/node_modules/zone.js/fesm2015/zone-testing.js:192:30)
    at UserContext.<anonymous> (http://localhost:9876/_karma_webpack_/webpack:/node_modules/zone.js/fesm2015/zone-testing.js:199:16)
    at ZoneQueueRunner.attempt (http://localhost:9876/base/node_modules/karma-jasmine/node_modules/jasmine-core/lib/jasmine-core/jasmine.js?86d98e11f43f2c8cfac9fb4806ed6c0aced74cbe:7632:40)
    at ZoneQueueRunner.QueueRunner.run (http://localhost:9876/base/node_modules/karma-jasmine/node_modules/jasmine-core/lib/jasmine-core/jasmine.js?86d98e11f43f2c8cfac9fb4806ed6c0aced74cbe:7670:27)
    at runNext (http://localhost:9876/base/node_modules/karma-jasmine/node_modules/jasmine-core/lib/jasmine-core/jasmine.js?86d98e11f43f2c8cfac9fb4806ed6c0aced74cbe:7574:16)
[1A[2KChrome Headless 143.0.0.0 (Windows 10): Executed 140 of 361[32m SUCCESS[39m (0 secs / 0.768 secs)
[1A[2KLOG: [36m'[Results] Iniciando carga de laboratorios...'[39m
Chrome Headless 143.0.0.0 (Windows 10): Executed 140 of 361[32m SUCCESS[39m (0 secs / 0.768 secs)
LOG: '[Results] Iniciando carga de laboratorios...'
[1A[2KLOG: [36m'[Results] Laboratorios recibidos:', 2[39m
Chrome Headless 143.0.0.0 (Windows 10): Executed 140 of 361[32m SUCCESS[39m (0 secs / 0.768 secs)
LOG: '[Results] Laboratorios recibidos:', 2
[1A[2KChrome Headless 143.0.0.0 (Windows 10): Executed 141 of 361[32m SUCCESS[39m (0 secs / 0.77 secs)
[1A[2KChrome Headless 143.0.0.0 (Windows 10): Executed 142 of 361[32m SUCCESS[39m (0 secs / 0.772 secs)
[1A[2KChrome Headless 143.0.0.0 (Windows 10): Executed 143 of 361[32m SUCCESS[39m (0 secs / 0.774 secs)
[1A[2KChrome Headless 143.0.0.0 (Windows 10): Executed 144 of 361[32m SUCCESS[39m (0 secs / 0.813 secs)
[1A[2KChrome Headless 143.0.0.0 (Windows 10): Executed 145 of 361[32m SUCCESS[39m (0 secs / 0.82 secs)
[1A[2KChrome Headless 143.0.0.0 (Windows 10): Executed 146 of 361[32m SUCCESS[39m (0 secs / 0.824 secs)
[1A[2KChrome Headless 143.0.0.0 (Windows 10): Executed 147 of 361[32m SUCCESS[39m (0 secs / 0.83 secs)
[1A[2KChrome Headless 143.0.0.0 (Windows 10): Executed 148 of 361[32m SUCCESS[39m (0 secs / 0.835 secs)
[1A[2KChrome Headless 143.0.0.0 (Windows 10): Executed 149 of 361[32m SUCCESS[39m (0 secs / 0.839 secs)
[1A[2KChrome Headless 143.0.0.0 (Windows 10): Executed 150 of 361[32m SUCCESS[39m (0 secs / 0.849 secs)
[1A[2KChrome Headless 143.0.0.0 (Windows 10): Executed 151 of 361[32m SUCCESS[39m (0 secs / 0.856 secs)
[1A[2KChrome Headless 143.0.0.0 (Windows 10): Executed 152 of 361[32m SUCCESS[39m (0 secs / 0.861 secs)
[1A[2KChrome Headless 143.0.0.0 (Windows 10): Executed 153 of 361[32m SUCCESS[39m (0 secs / 0.868 secs)
[1A[2KChrome Headless 143.0.0.0 (Windows 10): Executed 154 of 361[32m SUCCESS[39m (0 secs / 0.877 secs)
[1A[2KChrome Headless 143.0.0.0 (Windows 10): Executed 155 of 361[32m SUCCESS[39m (0 secs / 0.89 secs)
[1A[2KChrome Headless 143.0.0.0 (Windows 10): Executed 156 of 361[32m SUCCESS[39m (0 secs / 0.897 secs)
[1A[2KChrome Headless 143.0.0.0 (Windows 10): Executed 157 of 361[32m SUCCESS[39m (0 secs / 0.902 secs)
[1A[2KChrome Headless 143.0.0.0 (Windows 10): Executed 158 of 361[32m SUCCESS[39m (0 secs / 0.907 secs)
[1A[2KChrome Headless 143.0.0.0 (Windows 10): Executed 159 of 361[32m SUCCESS[39m (0 secs / 0.911 secs)
[1A[2KChrome Headless 143.0.0.0 (Windows 10): Executed 160 of 361[32m SUCCESS[39m (0 secs / 0.916 secs)
[1A[2KChrome Headless 143.0.0.0 (Windows 10): Executed 161 of 361[32m SUCCESS[39m (0 secs / 0.92 secs)
[1A[2KChrome Headless 143.0.0.0 (Windows 10): Executed 162 of 361[32m SUCCESS[39m (0 secs / 0.924 secs)
[1A[2KChrome Headless 143.0.0.0 (Windows 10): Executed 163 of 361[32m SUCCESS[39m (0 secs / 0.928 secs)
[1A[2KChrome Headless 143.0.0.0 (Windows 10): Executed 164 of 361[32m SUCCESS[39m (0 secs / 0.931 secs)
[1A[2KChrome Headless 143.0.0.0 (Windows 10): Executed 165 of 361[32m SUCCESS[39m (0 secs / 0.939 secs)
[1A[2KChrome Headless 143.0.0.0 (Windows 10): Executed 166 of 361[32m SUCCESS[39m (0 secs / 0.957 secs)
[1A[2KChrome Headless 143.0.0.0 (Windows 10): Executed 167 of 361[32m SUCCESS[39m (0 secs / 0.977 secs)
[1A[2KChrome Headless 143.0.0.0 (Windows 10): Executed 168 of 361[32m SUCCESS[39m (0 secs / 0.984 secs)
[1A[2KChrome Headless 143.0.0.0 (Windows 10): Executed 169 of 361[32m SUCCESS[39m (0 secs / 0.988 secs)
[1A[2KChrome Headless 143.0.0.0 (Windows 10): Executed 170 of 361[32m SUCCESS[39m (0 secs / 0.993 secs)
[1A[2KChrome Headless 143.0.0.0 (Windows 10): Executed 171 of 361[32m SUCCESS[39m (0 secs / 1 sec)
[1A[2KChrome Headless 143.0.0.0 (Windows 10): Executed 172 of 361[32m SUCCESS[39m (0 secs / 1.005 secs)
[1A[2KChrome Headless 143.0.0.0 (Windows 10): Executed 173 of 361[32m SUCCESS[39m (0 secs / 1.015 secs)
[1A[2KChrome Headless 143.0.0.0 (Windows 10): Executed 174 of 361[32m SUCCESS[39m (0 secs / 1.022 secs)
[1A[2KChrome Headless 143.0.0.0 (Windows 10): Executed 175 of 361[32m SUCCESS[39m (0 secs / 1.026 secs)
[1A[2KChrome Headless 143.0.0.0 (Windows 10): Executed 176 of 361[32m SUCCESS[39m (0 secs / 1.03 secs)
[1A[2KChrome Headless 143.0.0.0 (Windows 10): Executed 177 of 361[32m SUCCESS[39m (0 secs / 1.035 secs)
[1A[2KChrome Headless 143.0.0.0 (Windows 10): Executed 178 of 361[32m SUCCESS[39m (0 secs / 1.079 secs)
[1A[2KChrome Headless 143.0.0.0 (Windows 10): Executed 179 of 361[32m SUCCESS[39m (0 secs / 1.081 secs)
[1A[2K[31mChrome Headless 143.0.0.0 (Windows 10) Users Edge Cases should allow update without password FAILED[39m
	Expected spy UserService.update to have been called with:
	  [ 1, <jasmine.objectContaining(Object({ fullName: 'Updated User', email: 'updated@example.com', enabled: true }))> ]
	but it was never called.
	    at <Jasmine>
	    at UserContext.apply (src/app/features/users/users.spec.ts:615:37)
	    at UserContext.apply (node_modules/zone.js/fesm2015/zone-testing.js:1664:18)
	    at _ZoneDelegate.invoke (node_modules/zone.js/fesm2015/zone.js:360:158)
	    at _ProxyZoneSpec.onInvoke (node_modules/zone.js/fesm2015/zone-testing.js:956:33)
Chrome Headless 143.0.0.0 (Windows 10): Executed 180 of 361[31m (1 FAILED)[39m (0 secs / 1.085 secs)
[1A[2KChrome Headless 143.0.0.0 (Windows 10): Executed 181 of 361[31m (1 FAILED)[39m (0 secs / 1.087 secs)
[1A[2KChrome Headless 143.0.0.0 (Windows 10): Executed 182 of 361[31m (1 FAILED)[39m (0 secs / 1.089 secs)
[1A[2KChrome Headless 143.0.0.0 (Windows 10): Executed 183 of 361[31m (1 FAILED)[39m (0 secs / 1.091 secs)
[1A[2KChrome Headless 143.0.0.0 (Windows 10): Executed 184 of 361[31m (1 FAILED)[39m (0 secs / 1.093 secs)
[1A[2KChrome Headless 143.0.0.0 (Windows 10): Executed 185 of 361[31m (1 FAILED)[39m (0 secs / 1.095 secs)
[1A[2KChrome Headless 143.0.0.0 (Windows 10): Executed 186 of 361[31m (1 FAILED)[39m (0 secs / 1.096 secs)
[1A[2KChrome Headless 143.0.0.0 (Windows 10): Executed 187 of 361[31m (1 FAILED)[39m (0 secs / 1.097 secs)
[1A[2KChrome Headless 143.0.0.0 (Windows 10): Executed 188 of 361[31m (1 FAILED)[39m (0 secs / 1.099 secs)
[1A[2KChrome Headless 143.0.0.0 (Windows 10): Executed 189 of 361[31m (1 FAILED)[39m (0 secs / 1.101 secs)
[1A[2KChrome Headless 143.0.0.0 (Windows 10): Executed 190 of 361[31m (1 FAILED)[39m (0 secs / 1.103 secs)
[1A[2KChrome Headless 143.0.0.0 (Windows 10): Executed 191 of 361[31m (1 FAILED)[39m (0 secs / 1.105 secs)
[1A[2KChrome Headless 143.0.0.0 (Windows 10): Executed 192 of 361[31m (1 FAILED)[39m (0 secs / 1.113 secs)
[1A[2KChrome Headless 143.0.0.0 (Windows 10): Executed 193 of 361[31m (1 FAILED)[39m (0 secs / 1.115 secs)
[1A[2KChrome Headless 143.0.0.0 (Windows 10): Executed 194 of 361[31m (1 FAILED)[39m (0 secs / 1.117 secs)
[1A[2KChrome Headless 143.0.0.0 (Windows 10): Executed 195 of 361[31m (1 FAILED)[39m (0 secs / 1.118 secs)
[1A[2KChrome Headless 143.0.0.0 (Windows 10): Executed 196 of 361[31m (1 FAILED)[39m (0 secs / 1.119 secs)
[1A[2KChrome Headless 143.0.0.0 (Windows 10): Executed 197 of 361[31m (1 FAILED)[39m (0 secs / 1.121 secs)
[1A[2KChrome Headless 143.0.0.0 (Windows 10): Executed 198 of 361[31m (1 FAILED)[39m (0 secs / 1.123 secs)
[1A[2KChrome Headless 143.0.0.0 (Windows 10): Executed 199 of 361[31m (1 FAILED)[39m (0 secs / 1.125 secs)
[1A[2KChrome Headless 143.0.0.0 (Windows 10): Executed 200 of 361[31m (1 FAILED)[39m (0 secs / 1.127 secs)
[1A[2KChrome Headless 143.0.0.0 (Windows 10): Executed 201 of 361[31m (1 FAILED)[39m (0 secs / 1.128 secs)
[1A[2KChrome Headless 143.0.0.0 (Windows 10): Executed 202 of 361[31m (1 FAILED)[39m (0 secs / 1.13 secs)
[1A[2KChrome Headless 143.0.0.0 (Windows 10): Executed 203 of 361[31m (1 FAILED)[39m (0 secs / 1.131 secs)
[1A[2KChrome Headless 143.0.0.0 (Windows 10): Executed 204 of 361[31m (1 FAILED)[39m (0 secs / 1.133 secs)
[1A[2KChrome Headless 143.0.0.0 (Windows 10): Executed 205 of 361[31m (1 FAILED)[39m (0 secs / 1.135 secs)
[1A[2KChrome Headless 143.0.0.0 (Windows 10): Executed 206 of 361[31m (1 FAILED)[39m (0 secs / 1.136 secs)
[1A[2KChrome Headless 143.0.0.0 (Windows 10): Executed 207 of 361[31m (1 FAILED)[39m (0 secs / 1.138 secs)
[1A[2KChrome Headless 143.0.0.0 (Windows 10): Executed 208 of 361[31m (1 FAILED)[39m (0 secs / 1.14 secs)
[1A[2KChrome Headless 143.0.0.0 (Windows 10): Executed 209 of 361[31m (1 FAILED)[39m (0 secs / 1.141 secs)
[1A[2KChrome Headless 143.0.0.0 (Windows 10): Executed 210 of 361[31m (1 FAILED)[39m (0 secs / 1.142 secs)
[1A[2KChrome Headless 143.0.0.0 (Windows 10): Executed 211 of 361[31m (1 FAILED)[39m (0 secs / 1.144 secs)
[1A[2KChrome Headless 143.0.0.0 (Windows 10): Executed 212 of 361[31m (1 FAILED)[39m (0 secs / 1.146 secs)
[1A[2KChrome Headless 143.0.0.0 (Windows 10): Executed 213 of 361[31m (1 FAILED)[39m (0 secs / 1.148 secs)
[1A[2KChrome Headless 143.0.0.0 (Windows 10): Executed 214 of 361[31m (1 FAILED)[39m (0 secs / 1.15 secs)
[1A[2KChrome Headless 143.0.0.0 (Windows 10): Executed 215 of 361[31m (1 FAILED)[39m (0 secs / 1.153 secs)
[1A[2KChrome Headless 143.0.0.0 (Windows 10): Executed 216 of 361[31m (1 FAILED)[39m (0 secs / 1.155 secs)
[1A[2KChrome Headless 143.0.0.0 (Windows 10): Executed 217 of 361[31m (1 FAILED)[39m (0 secs / 1.157 secs)
[1A[2KChrome Headless 143.0.0.0 (Windows 10): Executed 218 of 361[31m (1 FAILED)[39m (0 secs / 1.158 secs)
[1A[2KChrome Headless 143.0.0.0 (Windows 10): Executed 219 of 361[31m (1 FAILED)[39m (0 secs / 1.161 secs)
[1A[2KChrome Headless 143.0.0.0 (Windows 10): Executed 220 of 361[31m (1 FAILED)[39m (0 secs / 1.163 secs)
[1A[2KChrome Headless 143.0.0.0 (Windows 10): Executed 221 of 361[31m (1 FAILED)[39m (0 secs / 1.165 secs)
[1A[2KChrome Headless 143.0.0.0 (Windows 10): Executed 222 of 361[31m (1 FAILED)[39m (0 secs / 1.166 secs)
[1A[2KChrome Headless 143.0.0.0 (Windows 10): Executed 223 of 361[31m (1 FAILED)[39m (0 secs / 1.168 secs)
[1A[2KChrome Headless 143.0.0.0 (Windows 10): Executed 224 of 361[31m (1 FAILED)[39m (0 secs / 1.17 secs)
[1A[2KChrome Headless 143.0.0.0 (Windows 10): Executed 225 of 361[31m (1 FAILED)[39m (0 secs / 1.171 secs)
[1A[2KChrome Headless 143.0.0.0 (Windows 10): Executed 226 of 361[31m (1 FAILED)[39m (0 secs / 1.172 secs)
[1A[2KChrome Headless 143.0.0.0 (Windows 10): Executed 227 of 361[31m (1 FAILED)[39m (0 secs / 1.173 secs)
[1A[2KChrome Headless 143.0.0.0 (Windows 10): Executed 228 of 361[31m (1 FAILED)[39m (0 secs / 1.175 secs)
[1A[2KChrome Headless 143.0.0.0 (Windows 10): Executed 229 of 361[31m (1 FAILED)[39m (0 secs / 1.177 secs)
[1A[2KChrome Headless 143.0.0.0 (Windows 10): Executed 230 of 361[31m (1 FAILED)[39m (0 secs / 1.194 secs)
[1A[2KChrome Headless 143.0.0.0 (Windows 10): Executed 231 of 361[31m (1 FAILED)[39m (0 secs / 1.196 secs)
[1A[2KChrome Headless 143.0.0.0 (Windows 10): Executed 232 of 361[31m (1 FAILED)[39m (0 secs / 1.198 secs)
[1A[2KLOG: [36m'[Laboratories] Ya hay una carga en progreso, ignorando...'[39m
Chrome Headless 143.0.0.0 (Windows 10): Executed 232 of 361[31m (1 FAILED)[39m (0 secs / 1.198 secs)
LOG: '[Laboratories] Ya hay una carga en progreso, ignorando...'
[1A[2KChrome Headless 143.0.0.0 (Windows 10): Executed 233 of 361[31m (1 FAILED)[39m (0 secs / 1.2 secs)
[1A[2KChrome Headless 143.0.0.0 (Windows 10): Executed 234 of 361[31m (1 FAILED)[39m (0 secs / 1.201 secs)
[1A[2KLOG: [36m'[Laboratories] Iniciando carga de laboratorios...'[39m
Chrome Headless 143.0.0.0 (Windows 10): Executed 234 of 361[31m (1 FAILED)[39m (0 secs / 1.201 secs)
LOG: '[Laboratories] Iniciando carga de laboratorios...'
[1A[2KLOG: [36m'[Laboratories] Datos recibidos:', [Object{id: 1, nombre: 'Lab 1', direccion: 'Address 1', telefono: '123456789'}, Object{id: 2, nombre: 'Lab 2', direccion: 'Address 2', telefono: '987654321'}][39m
Chrome Headless 143.0.0.0 (Windows 10): Executed 234 of 361[31m (1 FAILED)[39m (0 secs / 1.201 secs)
LOG: '[Laboratories] Datos recibidos:', [Object{id: 1, nombre: 'Lab 1', direccion: 'Address 1', telefono: '123456789'}, Object{id: 2, nombre: 'Lab 2', direccion: 'Address 2', telefono: '987654321'}]
[1A[2KLOG: [36m'[Laboratories] Cantidad:', 2[39m
Chrome Headless 143.0.0.0 (Windows 10): Executed 234 of 361[31m (1 FAILED)[39m (0 secs / 1.201 secs)
LOG: '[Laboratories] Cantidad:', 2
[1A[2KLOG: [36m'[Laboratories] isLoading = false, laboratories.length =', 2[39m
Chrome Headless 143.0.0.0 (Windows 10): Executed 234 of 361[31m (1 FAILED)[39m (0 secs / 1.201 secs)
LOG: '[Laboratories] isLoading = false, laboratories.length =', 2
[1A[2KChrome Headless 143.0.0.0 (Windows 10): Executed 235 of 361[31m (1 FAILED)[39m (0 secs / 1.203 secs)
[1A[2KLOG: [36m'[Laboratories] Iniciando carga de laboratorios...'[39m
Chrome Headless 143.0.0.0 (Windows 10): Executed 235 of 361[31m (1 FAILED)[39m (0 secs / 1.203 secs)
LOG: '[Laboratories] Iniciando carga de laboratorios...'
[1A[2KERROR: [36m'[Laboratories] ERROR:', Error: Failed
Error: Failed
    at errorFactory (http://localhost:9876/_karma_webpack_/webpack:/src/app/features/laboratories/laboratories.spec.ts:456:61)
    at Observable._subscribe (http://localhost:9876/_karma_webpack_/webpack:/node_modules/rxjs/dist/esm/internal/observable/throwError.js:5:51)
    at Observable._trySubscribe (http://localhost:9876/_karma_webpack_/webpack:/node_modules/rxjs/dist/esm/internal/Observable.js:37:25)
    at cb (http://localhost:9876/_karma_webpack_/webpack:/node_modules/rxjs/dist/esm/internal/Observable.js:31:30)
    at errorContext (http://localhost:9876/_karma_webpack_/webpack:/node_modules/rxjs/dist/esm/internal/util/errorContext.js:19:9)
    at Observable.subscribe (http://localhost:9876/_karma_webpack_/webpack:/node_modules/rxjs/dist/esm/internal/Observable.js:22:21)
    at Laboratories.loadLaboratories (http://localhost:9876/_karma_webpack_/webpack:/src/app/features/laboratories/laboratories.ts:58:54)
    at UserContext.apply (http://localhost:9876/_karma_webpack_/webpack:/src/app/features/laboratories/laboratories.spec.ts:458:17)
    at _ZoneDelegate.invoke (http://localhost:9876/_karma_webpack_/webpack:/node_modules/zone.js/fesm2015/zone.js:360:158)
    at _ProxyZoneSpec.onInvoke (http://localhost:9876/_karma_webpack_/webpack:/node_modules/zone.js/fesm2015/zone-testing.js:956:33)[39m
Chrome Headless 143.0.0.0 (Windows 10): Executed 235 of 361[31m (1 FAILED)[39m (0 secs / 1.203 secs)
ERROR: '[Laboratories] ERROR:', Error: Failed
Error: Failed
    at errorFactory (http://localhost:9876/_karma_webpack_/webpack:/src/app/features/laboratories/laboratories.spec.ts:456:61)
    at Observable._subscribe (http://localhost:9876/_karma_webpack_/webpack:/node_modules/rxjs/dist/esm/internal/observable/throwError.js:5:51)
    at Observable._trySubscribe (http://localhost:9876/_karma_webpack_/webpack:/node_modules/rxjs/dist/esm/internal/Observable.js:37:25)
    at cb (http://localhost:9876/_karma_webpack_/webpack:/node_modules/rxjs/dist/esm/internal/Observable.js:31:30)
    at errorContext (http://localhost:9876/_karma_webpack_/webpack:/node_modules/rxjs/dist/esm/internal/util/errorContext.js:19:9)
    at Observable.subscribe (http://localhost:9876/_karma_webpack_/webpack:/node_modules/rxjs/dist/esm/internal/Observable.js:22:21)
    at Laboratories.loadLaboratories (http://localhost:9876/_karma_webpack_/webpack:/src/app/features/laboratories/laboratories.ts:58:54)
    at UserContext.apply (http://localhost:9876/_karma_webpack_/webpack:/src/app/features/laboratories/laboratories.spec.ts:458:17)
    at _ZoneDelegate.invoke (http://localhost:9876/_karma_webpack_/webpack:/node_modules/zone.js/fesm2015/zone.js:360:158)
    at _ProxyZoneSpec.onInvoke (http://localhost:9876/_karma_webpack_/webpack:/node_modules/zone.js/fesm2015/zone-testing.js:956:33)
[1A[2KChrome Headless 143.0.0.0 (Windows 10): Executed 236 of 361[31m (1 FAILED)[39m (0 secs / 1.205 secs)
[1A[2KChrome Headless 143.0.0.0 (Windows 10): Executed 237 of 361[31m (1 FAILED)[39m (0 secs / 1.207 secs)
[1A[2KLOG: [36m'[Laboratories] Ya hay una carga en progreso, ignorando...'[39m
Chrome Headless 143.0.0.0 (Windows 10): Executed 237 of 361[31m (1 FAILED)[39m (0 secs / 1.207 secs)
LOG: '[Laboratories] Ya hay una carga en progreso, ignorando...'
[1A[2KChrome Headless 143.0.0.0 (Windows 10): Executed 238 of 361[31m (1 FAILED)[39m (0 secs / 1.209 secs)
[1A[2KChrome Headless 143.0.0.0 (Windows 10): Executed 239 of 361[31m (1 FAILED)[39m (0 secs / 1.211 secs)
[1A[2KChrome Headless 143.0.0.0 (Windows 10): Executed 240 of 361[31m (1 FAILED)[39m (0 secs / 1.212 secs)
[1A[2KChrome Headless 143.0.0.0 (Windows 10): Executed 241 of 361[31m (1 FAILED)[39m (0 secs / 1.213 secs)
[1A[2KChrome Headless 143.0.0.0 (Windows 10): Executed 242 of 361[31m (1 FAILED)[39m (0 secs / 1.214 secs)
[1A[2KChrome Headless 143.0.0.0 (Windows 10): Executed 243 of 361[31m (1 FAILED)[39m (0 secs / 1.215 secs)
[1A[2KChrome Headless 143.0.0.0 (Windows 10): Executed 244 of 361[31m (1 FAILED)[39m (0 secs / 1.216 secs)
[1A[2KChrome Headless 143.0.0.0 (Windows 10): Executed 245 of 361[31m (1 FAILED)[39m (0 secs / 1.217 secs)
[1A[2KLOG: [36m'[Laboratories] Iniciando carga de laboratorios...'[39m
Chrome Headless 143.0.0.0 (Windows 10): Executed 245 of 361[31m (1 FAILED)[39m (0 secs / 1.217 secs)
LOG: '[Laboratories] Iniciando carga de laboratorios...'
[1A[2KERROR: [36m'[Laboratories] ERROR:', Object{error: Object{error: 'Network error'}, message: 'Failed'}[39m
Chrome Headless 143.0.0.0 (Windows 10): Executed 245 of 361[31m (1 FAILED)[39m (0 secs / 1.217 secs)
ERROR: '[Laboratories] ERROR:', Object{error: Object{error: 'Network error'}, message: 'Failed'}
[1A[2KChrome Headless 143.0.0.0 (Windows 10): Executed 246 of 361[31m (1 FAILED)[39m (0 secs / 1.219 secs)
[1A[2KLOG: [36m'[Laboratories] Iniciando carga de laboratorios...'[39m
Chrome Headless 143.0.0.0 (Windows 10): Executed 246 of 361[31m (1 FAILED)[39m (0 secs / 1.219 secs)
LOG: '[Laboratories] Iniciando carga de laboratorios...'
[1A[2KLOG: [36m'[Laboratories] Datos recibidos:', [Object{id: 1, nombre: 'Lab 1', direccion: 'Address 1', telefono: '123456789'}, Object{id: 2, nombre: 'Lab 2', direccion: 'Address 2', telefono: '987654321'}][39m
Chrome Headless 143.0.0.0 (Windows 10): Executed 246 of 361[31m (1 FAILED)[39m (0 secs / 1.219 secs)
LOG: '[Laboratories] Datos recibidos:', [Object{id: 1, nombre: 'Lab 1', direccion: 'Address 1', telefono: '123456789'}, Object{id: 2, nombre: 'Lab 2', direccion: 'Address 2', telefono: '987654321'}]
[1A[2KLOG: [36m'[Laboratories] Cantidad:', 2[39m
Chrome Headless 143.0.0.0 (Windows 10): Executed 246 of 361[31m (1 FAILED)[39m (0 secs / 1.219 secs)
LOG: '[Laboratories] Cantidad:', 2
[1A[2KLOG: [36m'[Laboratories] isLoading = false, laboratories.length =', 2[39m
Chrome Headless 143.0.0.0 (Windows 10): Executed 246 of 361[31m (1 FAILED)[39m (0 secs / 1.219 secs)
LOG: '[Laboratories] isLoading = false, laboratories.length =', 2
[1A[2KChrome Headless 143.0.0.0 (Windows 10): Executed 247 of 361[31m (1 FAILED)[39m (0 secs / 1.221 secs)
[1A[2KLOG: [36m'[Laboratories] Ya hay una carga en progreso, ignorando...'[39m
Chrome Headless 143.0.0.0 (Windows 10): Executed 247 of 361[31m (1 FAILED)[39m (0 secs / 1.221 secs)
LOG: '[Laboratories] Ya hay una carga en progreso, ignorando...'
[1A[2KChrome Headless 143.0.0.0 (Windows 10): Executed 248 of 361[31m (1 FAILED)[39m (0 secs / 1.222 secs)
[1A[2KLOG: [36m'[Laboratories] Iniciando carga de laboratorios...'[39m
Chrome Headless 143.0.0.0 (Windows 10): Executed 248 of 361[31m (1 FAILED)[39m (0 secs / 1.222 secs)
LOG: '[Laboratories] Iniciando carga de laboratorios...'
[1A[2KLOG: [36m'[Laboratories] Datos recibidos:', [Object{id: 1, nombre: 'Lab 1', direccion: 'Address 1', telefono: '123456789'}, Object{id: 2, nombre: 'Lab 2', direccion: 'Address 2', telefono: '987654321'}][39m
Chrome Headless 143.0.0.0 (Windows 10): Executed 248 of 361[31m (1 FAILED)[39m (0 secs / 1.222 secs)
LOG: '[Laboratories] Datos recibidos:', [Object{id: 1, nombre: 'Lab 1', direccion: 'Address 1', telefono: '123456789'}, Object{id: 2, nombre: 'Lab 2', direccion: 'Address 2', telefono: '987654321'}]
[1A[2KLOG: [36m'[Laboratories] Cantidad:', 2[39m
Chrome Headless 143.0.0.0 (Windows 10): Executed 248 of 361[31m (1 FAILED)[39m (0 secs / 1.222 secs)
LOG: '[Laboratories] Cantidad:', 2
[1A[2KLOG: [36m'[Laboratories] isLoading = false, laboratories.length =', 2[39m
Chrome Headless 143.0.0.0 (Windows 10): Executed 248 of 361[31m (1 FAILED)[39m (0 secs / 1.222 secs)
LOG: '[Laboratories] isLoading = false, laboratories.length =', 2
[1A[2KChrome Headless 143.0.0.0 (Windows 10): Executed 249 of 361[31m (1 FAILED)[39m (0 secs / 1.223 secs)
[1A[2KLOG: [36m'[Laboratories] Iniciando carga de laboratorios...'[39m
Chrome Headless 143.0.0.0 (Windows 10): Executed 249 of 361[31m (1 FAILED)[39m (0 secs / 1.223 secs)
LOG: '[Laboratories] Iniciando carga de laboratorios...'
[1A[2KLOG: [36m'[Laboratories] Datos recibidos:', [][39m
Chrome Headless 143.0.0.0 (Windows 10): Executed 249 of 361[31m (1 FAILED)[39m (0 secs / 1.223 secs)
LOG: '[Laboratories] Datos recibidos:', []
[1A[2KLOG: [36m'[Laboratories] Cantidad:', 0[39m
Chrome Headless 143.0.0.0 (Windows 10): Executed 249 of 361[31m (1 FAILED)[39m (0 secs / 1.223 secs)
LOG: '[Laboratories] Cantidad:', 0
[1A[2KLOG: [36m'[Laboratories] isLoading = false, laboratories.length =', 0[39m
Chrome Headless 143.0.0.0 (Windows 10): Executed 249 of 361[31m (1 FAILED)[39m (0 secs / 1.223 secs)
LOG: '[Laboratories] isLoading = false, laboratories.length =', 0
[1A[2KChrome Headless 143.0.0.0 (Windows 10): Executed 250 of 361[31m (1 FAILED)[39m (0 secs / 1.225 secs)
[1A[2KChrome Headless 143.0.0.0 (Windows 10): Executed 251 of 361[31m (1 FAILED)[39m (0 secs / 1.226 secs)
[1A[2KChrome Headless 143.0.0.0 (Windows 10): Executed 252 of 361[31m (1 FAILED)[39m (0 secs / 1.227 secs)
[1A[2KChrome Headless 143.0.0.0 (Windows 10): Executed 253 of 361[31m (1 FAILED)[39m (0 secs / 1.229 secs)
[1A[2KChrome Headless 143.0.0.0 (Windows 10): Executed 254 of 361[31m (1 FAILED)[39m (0 secs / 1.231 secs)
[1A[2KChrome Headless 143.0.0.0 (Windows 10): Executed 255 of 361[31m (1 FAILED)[39m (0 secs / 1.233 secs)
[1A[2KLOG: [36m'[Laboratories] Iniciando carga de laboratorios...'[39m
Chrome Headless 143.0.0.0 (Windows 10): Executed 255 of 361[31m (1 FAILED)[39m (0 secs / 1.233 secs)
LOG: '[Laboratories] Iniciando carga de laboratorios...'
[1A[2KLOG: [36m'[Laboratories] Datos recibidos:', [Object{id: 1, nombre: 'Lab 1', direccion: 'Address 1', telefono: '123456789'}, Object{id: 2, nombre: 'Lab 2', direccion: 'Address 2', telefono: '987654321'}][39m
Chrome Headless 143.0.0.0 (Windows 10): Executed 255 of 361[31m (1 FAILED)[39m (0 secs / 1.233 secs)
LOG: '[Laboratories] Datos recibidos:', [Object{id: 1, nombre: 'Lab 1', direccion: 'Address 1', telefono: '123456789'}, Object{id: 2, nombre: 'Lab 2', direccion: 'Address 2', telefono: '987654321'}]
[1A[2KLOG: [36m'[Laboratories] Cantidad:', 2[39m
Chrome Headless 143.0.0.0 (Windows 10): Executed 255 of 361[31m (1 FAILED)[39m (0 secs / 1.233 secs)
LOG: '[Laboratories] Cantidad:', 2
[1A[2KLOG: [36m'[Laboratories] isLoading = false, laboratories.length =', 2[39m
Chrome Headless 143.0.0.0 (Windows 10): Executed 255 of 361[31m (1 FAILED)[39m (0 secs / 1.233 secs)
LOG: '[Laboratories] isLoading = false, laboratories.length =', 2
[1A[2KChrome Headless 143.0.0.0 (Windows 10): Executed 256 of 361[31m (1 FAILED)[39m (0 secs / 1.236 secs)
[1A[2KChrome Headless 143.0.0.0 (Windows 10): Executed 257 of 361[31m (1 FAILED)[39m (0 secs / 1.238 secs)
[1A[2KLOG: [36m'[Laboratories] Iniciando carga de laboratorios...'[39m
Chrome Headless 143.0.0.0 (Windows 10): Executed 257 of 361[31m (1 FAILED)[39m (0 secs / 1.238 secs)
LOG: '[Laboratories] Iniciando carga de laboratorios...'
[1A[2KLOG: [36m'[Laboratories] Datos recibidos:', [Object{id: 2, nombre: 'Lab 2', direccion: 'Address 2', telefono: '987654321'}][39m
Chrome Headless 143.0.0.0 (Windows 10): Executed 257 of 361[31m (1 FAILED)[39m (0 secs / 1.238 secs)
LOG: '[Laboratories] Datos recibidos:', [Object{id: 2, nombre: 'Lab 2', direccion: 'Address 2', telefono: '987654321'}]
[1A[2KLOG: [36m'[Laboratories] Cantidad:', 1[39m
Chrome Headless 143.0.0.0 (Windows 10): Executed 257 of 361[31m (1 FAILED)[39m (0 secs / 1.238 secs)
LOG: '[Laboratories] Cantidad:', 1
[1A[2KLOG: [36m'[Laboratories] isLoading = false, laboratories.length =', 1[39m
Chrome Headless 143.0.0.0 (Windows 10): Executed 257 of 361[31m (1 FAILED)[39m (0 secs / 1.238 secs)
LOG: '[Laboratories] isLoading = false, laboratories.length =', 1
[1A[2KChrome Headless 143.0.0.0 (Windows 10): Executed 258 of 361[31m (1 FAILED)[39m (0 secs / 1.239 secs)
[1A[2KChrome Headless 143.0.0.0 (Windows 10): Executed 259 of 361[31m (1 FAILED)[39m (0 secs / 1.245 secs)
[1A[2KChrome Headless 143.0.0.0 (Windows 10): Executed 260 of 361[31m (1 FAILED)[39m (0 secs / 1.247 secs)
[1A[2KChrome Headless 143.0.0.0 (Windows 10): Executed 261 of 361[31m (1 FAILED)[39m (0 secs / 1.249 secs)
[1A[2KChrome Headless 143.0.0.0 (Windows 10): Executed 262 of 361[31m (1 FAILED)[39m (0 secs / 1.25 secs)
[1A[2KChrome Headless 143.0.0.0 (Windows 10): Executed 263 of 361[31m (1 FAILED)[39m (0 secs / 1.252 secs)
[1A[2KChrome Headless 143.0.0.0 (Windows 10): Executed 264 of 361[31m (1 FAILED)[39m (0 secs / 1.253 secs)
[1A[2KChrome Headless 143.0.0.0 (Windows 10): Executed 265 of 361[31m (1 FAILED)[39m (0 secs / 1.254 secs)
[1A[2KLOG: [36m'[Laboratories] Iniciando carga de laboratorios...'[39m
Chrome Headless 143.0.0.0 (Windows 10): Executed 265 of 361[31m (1 FAILED)[39m (0 secs / 1.254 secs)
LOG: '[Laboratories] Iniciando carga de laboratorios...'
[1A[2KLOG: [36m'[Laboratories] Datos recibidos:', [Object{id: 1, nombre: 'Lab 1', direccion: 'Address 1', telefono: '123456789'}, Object{id: 2, nombre: 'Lab 2', direccion: 'Address 2', telefono: '987654321'}][39m
Chrome Headless 143.0.0.0 (Windows 10): Executed 265 of 361[31m (1 FAILED)[39m (0 secs / 1.254 secs)
LOG: '[Laboratories] Datos recibidos:', [Object{id: 1, nombre: 'Lab 1', direccion: 'Address 1', telefono: '123456789'}, Object{id: 2, nombre: 'Lab 2', direccion: 'Address 2', telefono: '987654321'}]
[1A[2KLOG: [36m'[Laboratories] Cantidad:', 2[39m
Chrome Headless 143.0.0.0 (Windows 10): Executed 265 of 361[31m (1 FAILED)[39m (0 secs / 1.254 secs)
LOG: '[Laboratories] Cantidad:', 2
[1A[2KLOG: [36m'[Laboratories] isLoading = false, laboratories.length =', 2[39m
Chrome Headless 143.0.0.0 (Windows 10): Executed 265 of 361[31m (1 FAILED)[39m (0 secs / 1.254 secs)
LOG: '[Laboratories] isLoading = false, laboratories.length =', 2
[1A[2KChrome Headless 143.0.0.0 (Windows 10): Executed 266 of 361[31m (1 FAILED)[39m (0 secs / 1.256 secs)
[1A[2KChrome Headless 143.0.0.0 (Windows 10): Executed 267 of 361[31m (1 FAILED)[39m (0 secs / 1.258 secs)
[1A[2KLOG: [36m'[Laboratories] Iniciando carga de laboratorios...'[39m
Chrome Headless 143.0.0.0 (Windows 10): Executed 267 of 361[31m (1 FAILED)[39m (0 secs / 1.258 secs)
LOG: '[Laboratories] Iniciando carga de laboratorios...'
[1A[2KLOG: [36m'[Laboratories] Datos recibidos:', [Object{id: 1, nombre: 'Lab 1', direccion: 'Address 1', telefono: '123456789'}, Object{id: 2, nombre: 'Lab 2', direccion: 'Address 2', telefono: '987654321'}][39m
Chrome Headless 143.0.0.0 (Windows 10): Executed 267 of 361[31m (1 FAILED)[39m (0 secs / 1.258 secs)
LOG: '[Laboratories] Datos recibidos:', [Object{id: 1, nombre: 'Lab 1', direccion: 'Address 1', telefono: '123456789'}, Object{id: 2, nombre: 'Lab 2', direccion: 'Address 2', telefono: '987654321'}]
[1A[2KLOG: [36m'[Laboratories] Cantidad:', 2[39m
Chrome Headless 143.0.0.0 (Windows 10): Executed 267 of 361[31m (1 FAILED)[39m (0 secs / 1.258 secs)
LOG: '[Laboratories] Cantidad:', 2
[1A[2KLOG: [36m'[Laboratories] isLoading = false, laboratories.length =', 2[39m
Chrome Headless 143.0.0.0 (Windows 10): Executed 267 of 361[31m (1 FAILED)[39m (0 secs / 1.258 secs)
LOG: '[Laboratories] isLoading = false, laboratories.length =', 2
[1A[2KChrome Headless 143.0.0.0 (Windows 10): Executed 268 of 361[31m (1 FAILED)[39m (0 secs / 1.26 secs)
[1A[2KChrome Headless 143.0.0.0 (Windows 10): Executed 269 of 361[31m (1 FAILED)[39m (0 secs / 1.261 secs)
[1A[2KChrome Headless 143.0.0.0 (Windows 10): Executed 270 of 361[31m (1 FAILED)[39m (0 secs / 1.262 secs)
[1A[2KChrome Headless 143.0.0.0 (Windows 10): Executed 271 of 361[31m (1 FAILED)[39m (0 secs / 1.263 secs)
[1A[2KChrome Headless 143.0.0.0 (Windows 10): Executed 272 of 361[31m (1 FAILED)[39m (0 secs / 1.277 secs)
[1A[2KChrome Headless 143.0.0.0 (Windows 10): Executed 273 of 361[31m (1 FAILED)[39m (0 secs / 1.281 secs)
[1A[2KChrome Headless 143.0.0.0 (Windows 10): Executed 274 of 361[31m (1 FAILED)[39m (0 secs / 1.282 secs)
[1A[2KChrome Headless 143.0.0.0 (Windows 10): Executed 275 of 361[31m (1 FAILED)[39m (0 secs / 1.283 secs)
[1A[2KChrome Headless 143.0.0.0 (Windows 10): Executed 276 of 361[31m (1 FAILED)[39m (0 secs / 1.284 secs)
[1A[2KChrome Headless 143.0.0.0 (Windows 10): Executed 277 of 361[31m (1 FAILED)[39m (0 secs / 1.285 secs)
[1A[2KChrome Headless 143.0.0.0 (Windows 10): Executed 278 of 361[31m (1 FAILED)[39m (0 secs / 1.286 secs)
[1A[2KChrome Headless 143.0.0.0 (Windows 10): Executed 279 of 361[31m (1 FAILED)[39m (0 secs / 1.287 secs)
[1A[2KChrome Headless 143.0.0.0 (Windows 10): Executed 280 of 361[31m (1 FAILED)[39m (0 secs / 1.288 secs)
[1A[2KChrome Headless 143.0.0.0 (Windows 10): Executed 281 of 361[31m (1 FAILED)[39m (0 secs / 1.288 secs)
[1A[2KChrome Headless 143.0.0.0 (Windows 10): Executed 282 of 361[31m (1 FAILED)[39m (0 secs / 1.289 secs)
[1A[2KChrome Headless 143.0.0.0 (Windows 10): Executed 283 of 361[31m (1 FAILED)[39m (0 secs / 1.289 secs)
[1A[2KChrome Headless 143.0.0.0 (Windows 10): Executed 284 of 361[31m (1 FAILED)[39m (0 secs / 1.289 secs)
[1A[2KChrome Headless 143.0.0.0 (Windows 10): Executed 285 of 361[31m (1 FAILED)[39m (0 secs / 1.29 secs)
[1A[2KChrome Headless 143.0.0.0 (Windows 10): Executed 286 of 361[31m (1 FAILED)[39m (0 secs / 1.291 secs)
[1A[2KChrome Headless 143.0.0.0 (Windows 10): Executed 287 of 361[31m (1 FAILED)[39m (0 secs / 1.294 secs)
[1A[2KChrome Headless 143.0.0.0 (Windows 10): Executed 288 of 361[31m (1 FAILED)[39m (0 secs / 1.295 secs)
[1A[2KChrome Headless 143.0.0.0 (Windows 10): Executed 289 of 361[31m (1 FAILED)[39m (0 secs / 1.296 secs)
[1A[2KChrome Headless 143.0.0.0 (Windows 10): Executed 290 of 361[31m (1 FAILED)[39m (0 secs / 1.297 secs)
[1A[2KChrome Headless 143.0.0.0 (Windows 10): Executed 291 of 361[31m (1 FAILED)[39m (0 secs / 1.298 secs)
[1A[2KChrome Headless 143.0.0.0 (Windows 10): Executed 292 of 361[31m (1 FAILED)[39m (0 secs / 1.299 secs)
[1A[2KChrome Headless 143.0.0.0 (Windows 10): Executed 293 of 361[31m (1 FAILED)[39m (0 secs / 1.3 secs)
[1A[2KChrome Headless 143.0.0.0 (Windows 10): Executed 294 of 361[31m (1 FAILED)[39m (0 secs / 1.313 secs)
[1A[2KChrome Headless 143.0.0.0 (Windows 10): Executed 295 of 361[31m (1 FAILED)[39m (0 secs / 1.315 secs)
[1A[2KChrome Headless 143.0.0.0 (Windows 10): Executed 296 of 361[31m (1 FAILED)[39m (0 secs / 1.317 secs)
[1A[2KChrome Headless 143.0.0.0 (Windows 10): Executed 297 of 361[31m (1 FAILED)[39m (0 secs / 1.32 secs)
[1A[2KChrome Headless 143.0.0.0 (Windows 10): Executed 298 of 361[31m (1 FAILED)[39m (0 secs / 1.323 secs)
[1A[2KChrome Headless 143.0.0.0 (Windows 10): Executed 299 of 361[31m (1 FAILED)[39m (0 secs / 1.326 secs)
[1A[2KChrome Headless 143.0.0.0 (Windows 10): Executed 300 of 361[31m (1 FAILED)[39m (0 secs / 1.329 secs)
[1A[2KChrome Headless 143.0.0.0 (Windows 10): Executed 301 of 361[31m (1 FAILED)[39m (0 secs / 1.332 secs)
[1A[2KChrome Headless 143.0.0.0 (Windows 10): Executed 302 of 361[31m (1 FAILED)[39m (0 secs / 1.334 secs)
[1A[2KChrome Headless 143.0.0.0 (Windows 10): Executed 303 of 361[31m (1 FAILED)[39m (0 secs / 1.336 secs)
[1A[2KChrome Headless 143.0.0.0 (Windows 10): Executed 304 of 361[31m (1 FAILED)[39m (0 secs / 1.339 secs)
[1A[2KChrome Headless 143.0.0.0 (Windows 10): Executed 305 of 361[31m (1 FAILED)[39m (0 secs / 1.342 secs)
[1A[2KChrome Headless 143.0.0.0 (Windows 10): Executed 306 of 361[31m (1 FAILED)[39m (0 secs / 1.344 secs)
[1A[2KChrome Headless 143.0.0.0 (Windows 10): Executed 307 of 361[31m (1 FAILED)[39m (0 secs / 1.347 secs)
[1A[2KChrome Headless 143.0.0.0 (Windows 10): Executed 308 of 361[31m (1 FAILED)[39m (0 secs / 1.35 secs)
[1A[2KChrome Headless 143.0.0.0 (Windows 10): Executed 309 of 361[31m (1 FAILED)[39m (0 secs / 1.353 secs)
[1A[2KChrome Headless 143.0.0.0 (Windows 10): Executed 310 of 361[31m (1 FAILED)[39m (0 secs / 1.355 secs)
[1A[2KChrome Headless 143.0.0.0 (Windows 10): Executed 311 of 361[31m (1 FAILED)[39m (0 secs / 1.358 secs)
[1A[2KChrome Headless 143.0.0.0 (Windows 10): Executed 312 of 361[31m (1 FAILED)[39m (0 secs / 1.36 secs)
[1A[2KChrome Headless 143.0.0.0 (Windows 10): Executed 313 of 361[31m (1 FAILED)[39m (0 secs / 1.361 secs)
[1A[2KChrome Headless 143.0.0.0 (Windows 10): Executed 314 of 361[31m (1 FAILED)[39m (0 secs / 1.362 secs)
[1A[2KChrome Headless 143.0.0.0 (Windows 10): Executed 315 of 361[31m (1 FAILED)[39m (0 secs / 1.363 secs)
[1A[2KChrome Headless 143.0.0.0 (Windows 10): Executed 316 of 361[31m (1 FAILED)[39m (0 secs / 1.364 secs)
[1A[2KChrome Headless 143.0.0.0 (Windows 10): Executed 317 of 361[31m (1 FAILED)[39m (0 secs / 1.365 secs)
[1A[2KChrome Headless 143.0.0.0 (Windows 10): Executed 318 of 361[31m (1 FAILED)[39m (0 secs / 1.366 secs)
[1A[2KChrome Headless 143.0.0.0 (Windows 10): Executed 319 of 361[31m (1 FAILED)[39m (0 secs / 1.367 secs)
[1A[2KChrome Headless 143.0.0.0 (Windows 10): Executed 320 of 361[31m (1 FAILED)[39m (0 secs / 1.377 secs)
[1A[2KChrome Headless 143.0.0.0 (Windows 10): Executed 321 of 361[31m (1 FAILED)[39m (0 secs / 1.379 secs)
[1A[2KChrome Headless 143.0.0.0 (Windows 10): Executed 322 of 361[31m (1 FAILED)[39m (0 secs / 1.381 secs)
[1A[2KChrome Headless 143.0.0.0 (Windows 10): Executed 323 of 361[31m (1 FAILED)[39m (0 secs / 1.383 secs)
[1A[2KChrome Headless 143.0.0.0 (Windows 10): Executed 324 of 361[31m (1 FAILED)[39m (0 secs / 1.385 secs)
[1A[2KChrome Headless 143.0.0.0 (Windows 10): Executed 325 of 361[31m (1 FAILED)[39m (0 secs / 1.387 secs)
[1A[2KChrome Headless 143.0.0.0 (Windows 10): Executed 326 of 361[31m (1 FAILED)[39m (0 secs / 1.392 secs)
[1A[2KChrome Headless 143.0.0.0 (Windows 10): Executed 327 of 361[31m (1 FAILED)[39m (0 secs / 1.407 secs)
[1A[2KChrome Headless 143.0.0.0 (Windows 10): Executed 328 of 361[31m (1 FAILED)[39m (0 secs / 1.409 secs)
[1A[2KChrome Headless 143.0.0.0 (Windows 10): Executed 329 of 361[31m (1 FAILED)[39m (0 secs / 1.41 secs)
[1A[2KChrome Headless 143.0.0.0 (Windows 10): Executed 330 of 361[31m (1 FAILED)[39m (0 secs / 1.412 secs)
[1A[2KChrome Headless 143.0.0.0 (Windows 10): Executed 331 of 361[31m (1 FAILED)[39m (0 secs / 1.413 secs)
[1A[2KChrome Headless 143.0.0.0 (Windows 10): Executed 332 of 361[31m (1 FAILED)[39m (0 secs / 1.414 secs)
[1A[2KChrome Headless 143.0.0.0 (Windows 10): Executed 333 of 361[31m (1 FAILED)[39m (0 secs / 1.415 secs)
[1A[2KChrome Headless 143.0.0.0 (Windows 10): Executed 334 of 361[31m (1 FAILED)[39m (0 secs / 1.416 secs)
[1A[2KChrome Headless 143.0.0.0 (Windows 10): Executed 335 of 361[31m (1 FAILED)[39m (0 secs / 1.417 secs)
[1A[2KChrome Headless 143.0.0.0 (Windows 10): Executed 336 of 361[31m (1 FAILED)[39m (0 secs / 1.417 secs)
[1A[2KChrome Headless 143.0.0.0 (Windows 10): Executed 337 of 361[31m (1 FAILED)[39m (0 secs / 1.419 secs)
[1A[2KChrome Headless 143.0.0.0 (Windows 10): Executed 338 of 361[31m (1 FAILED)[39m (0 secs / 1.42 secs)
[1A[2KChrome Headless 143.0.0.0 (Windows 10): Executed 339 of 361[31m (1 FAILED)[39m (0 secs / 1.421 secs)
[1A[2KChrome Headless 143.0.0.0 (Windows 10): Executed 340 of 361[31m (1 FAILED)[39m (0 secs / 1.422 secs)
[1A[2KChrome Headless 143.0.0.0 (Windows 10): Executed 341 of 361[31m (1 FAILED)[39m (0 secs / 1.423 secs)
[1A[2KChrome Headless 143.0.0.0 (Windows 10): Executed 342 of 361[31m (1 FAILED)[39m (0 secs / 1.424 secs)
[1A[2KChrome Headless 143.0.0.0 (Windows 10): Executed 343 of 361[31m (1 FAILED)[39m (0 secs / 1.425 secs)
[1A[2KChrome Headless 143.0.0.0 (Windows 10): Executed 344 of 361[31m (1 FAILED)[39m (0 secs / 1.426 secs)
[1A[2KChrome Headless 143.0.0.0 (Windows 10): Executed 345 of 361[31m (1 FAILED)[39m (0 secs / 1.427 secs)
[1A[2KChrome Headless 143.0.0.0 (Windows 10): Executed 346 of 361[31m (1 FAILED)[39m (0 secs / 1.428 secs)
[1A[2KChrome Headless 143.0.0.0 (Windows 10): Executed 347 of 361[31m (1 FAILED)[39m (0 secs / 1.429 secs)
[1A[2KChrome Headless 143.0.0.0 (Windows 10): Executed 348 of 361[31m (1 FAILED)[39m (0 secs / 1.43 secs)
[1A[2KChrome Headless 143.0.0.0 (Windows 10): Executed 349 of 361[31m (1 FAILED)[39m (0 secs / 1.431 secs)
[1A[2KChrome Headless 143.0.0.0 (Windows 10): Executed 350 of 361[31m (1 FAILED)[39m (0 secs / 1.432 secs)
[1A[2KChrome Headless 143.0.0.0 (Windows 10): Executed 351 of 361[31m (1 FAILED)[39m (0 secs / 1.433 secs)
[1A[2KChrome Headless 143.0.0.0 (Windows 10): Executed 352 of 361[31m (1 FAILED)[39m (0 secs / 1.437 secs)
[1A[2KChrome Headless 143.0.0.0 (Windows 10): Executed 353 of 361[31m (1 FAILED)[39m (0 secs / 1.438 secs)
[1A[2KChrome Headless 143.0.0.0 (Windows 10): Executed 354 of 361[31m (1 FAILED)[39m (0 secs / 1.439 secs)
[1A[2KChrome Headless 143.0.0.0 (Windows 10): Executed 355 of 361[31m (1 FAILED)[39m (0 secs / 1.44 secs)
[1A[2KChrome Headless 143.0.0.0 (Windows 10): Executed 356 of 361[31m (1 FAILED)[39m (0 secs / 1.441 secs)
[1A[2KChrome Headless 143.0.0.0 (Windows 10): Executed 357 of 361[31m (1 FAILED)[39m (0 secs / 1.442 secs)
[1A[2KChrome Headless 143.0.0.0 (Windows 10): Executed 358 of 361[31m (1 FAILED)[39m (0 secs / 1.443 secs)
[1A[2KChrome Headless 143.0.0.0 (Windows 10): Executed 359 of 361[31m (1 FAILED)[39m (0 secs / 1.444 secs)
[1A[2KChrome Headless 143.0.0.0 (Windows 10): Executed 360 of 361[31m (1 FAILED)[39m (0 secs / 1.445 secs)
[1A[2KChrome Headless 143.0.0.0 (Windows 10): Executed 361 of 361[31m (1 FAILED)[39m (0 secs / 1.446 secs)
[1A[2KChrome Headless 143.0.0.0 (Windows 10): Executed 361 of 361[31m (1 FAILED)[39m (1.68 secs / 1.446 secs)
[31mTOTAL: 1 FAILED, 360 SUCCESS[39m
[32m✔[39m Browser application bundle generation complete.

=============================== Coverage summary ===============================
Statements   : 98.8% ( 497/503 )
Branches     : 84.15% ( 85/101 )
Functions    : 97.22% ( 175/180 )
Lines        : 98.75% ( 474/480 )
================================================================================
[32m✔[39m Browser application bundle generation complete.
